Archive member included to satisfy reference by file (symbol)

c:/st/stm32cubeide_1.6.0/stm32cubeide/plugins/com.st.stm32cube.ide.mcu.externaltools.gnu-tools-for-stm32.9-2020-q2-update.win32_1.5.0.202011040924/tools/bin/../lib/gcc/arm-none-eabi/9.3.1/../../../../arm-none-eabi/lib/thumb/v7e-m+fp/hard\libc_nano.a(lib_a-errno.o)
                              Core/Src/syscalls.o (__errno)
c:/st/stm32cubeide_1.6.0/stm32cubeide/plugins/com.st.stm32cube.ide.mcu.externaltools.gnu-tools-for-stm32.9-2020-q2-update.win32_1.5.0.202011040924/tools/bin/../lib/gcc/arm-none-eabi/9.3.1/../../../../arm-none-eabi/lib/thumb/v7e-m+fp/hard\libc_nano.a(lib_a-exit.o)
                              c:/st/stm32cubeide_1.6.0/stm32cubeide/plugins/com.st.stm32cube.ide.mcu.externaltools.gnu-tools-for-stm32.9-2020-q2-update.win32_1.5.0.202011040924/tools/bin/../lib/gcc/arm-none-eabi/9.3.1/../../../../arm-none-eabi/lib/thumb/v7e-m+fp/hard/crt0.o (exit)
c:/st/stm32cubeide_1.6.0/stm32cubeide/plugins/com.st.stm32cube.ide.mcu.externaltools.gnu-tools-for-stm32.9-2020-q2-update.win32_1.5.0.202011040924/tools/bin/../lib/gcc/arm-none-eabi/9.3.1/../../../../arm-none-eabi/lib/thumb/v7e-m+fp/hard\libc_nano.a(lib_a-impure.o)
                              c:/st/stm32cubeide_1.6.0/stm32cubeide/plugins/com.st.stm32cube.ide.mcu.externaltools.gnu-tools-for-stm32.9-2020-q2-update.win32_1.5.0.202011040924/tools/bin/../lib/gcc/arm-none-eabi/9.3.1/../../../../arm-none-eabi/lib/thumb/v7e-m+fp/hard\libc_nano.a(lib_a-exit.o) (_global_impure_ptr)
c:/st/stm32cubeide_1.6.0/stm32cubeide/plugins/com.st.stm32cube.ide.mcu.externaltools.gnu-tools-for-stm32.9-2020-q2-update.win32_1.5.0.202011040924/tools/bin/../lib/gcc/arm-none-eabi/9.3.1/../../../../arm-none-eabi/lib/thumb/v7e-m+fp/hard\libc_nano.a(lib_a-init.o)
                              c:/st/stm32cubeide_1.6.0/stm32cubeide/plugins/com.st.stm32cube.ide.mcu.externaltools.gnu-tools-for-stm32.9-2020-q2-update.win32_1.5.0.202011040924/tools/bin/../lib/gcc/arm-none-eabi/9.3.1/../../../../arm-none-eabi/lib/thumb/v7e-m+fp/hard/crt0.o (__libc_init_array)
c:/st/stm32cubeide_1.6.0/stm32cubeide/plugins/com.st.stm32cube.ide.mcu.externaltools.gnu-tools-for-stm32.9-2020-q2-update.win32_1.5.0.202011040924/tools/bin/../lib/gcc/arm-none-eabi/9.3.1/../../../../arm-none-eabi/lib/thumb/v7e-m+fp/hard\libc_nano.a(lib_a-memset.o)
                              c:/st/stm32cubeide_1.6.0/stm32cubeide/plugins/com.st.stm32cube.ide.mcu.externaltools.gnu-tools-for-stm32.9-2020-q2-update.win32_1.5.0.202011040924/tools/bin/../lib/gcc/arm-none-eabi/9.3.1/../../../../arm-none-eabi/lib/thumb/v7e-m+fp/hard/crt0.o (memset)

Allocating common symbols
Common symbol       size              file

uwTick              0x4               Drivers/STM32WBxx_HAL_Driver/Src/stm32wbxx_hal.o

Discarded input sections

 .text          0x0000000000000000        0x0 c:/st/stm32cubeide_1.6.0/stm32cubeide/plugins/com.st.stm32cube.ide.mcu.externaltools.gnu-tools-for-stm32.9-2020-q2-update.win32_1.5.0.202011040924/tools/bin/../lib/gcc/arm-none-eabi/9.3.1/thumb/v7e-m+fp/hard/crti.o
 .data          0x0000000000000000        0x0 c:/st/stm32cubeide_1.6.0/stm32cubeide/plugins/com.st.stm32cube.ide.mcu.externaltools.gnu-tools-for-stm32.9-2020-q2-update.win32_1.5.0.202011040924/tools/bin/../lib/gcc/arm-none-eabi/9.3.1/thumb/v7e-m+fp/hard/crti.o
 .bss           0x0000000000000000        0x0 c:/st/stm32cubeide_1.6.0/stm32cubeide/plugins/com.st.stm32cube.ide.mcu.externaltools.gnu-tools-for-stm32.9-2020-q2-update.win32_1.5.0.202011040924/tools/bin/../lib/gcc/arm-none-eabi/9.3.1/thumb/v7e-m+fp/hard/crti.o
 .data          0x0000000000000000        0x4 c:/st/stm32cubeide_1.6.0/stm32cubeide/plugins/com.st.stm32cube.ide.mcu.externaltools.gnu-tools-for-stm32.9-2020-q2-update.win32_1.5.0.202011040924/tools/bin/../lib/gcc/arm-none-eabi/9.3.1/thumb/v7e-m+fp/hard/crtbegin.o
 .text          0x0000000000000000       0x7c c:/st/stm32cubeide_1.6.0/stm32cubeide/plugins/com.st.stm32cube.ide.mcu.externaltools.gnu-tools-for-stm32.9-2020-q2-update.win32_1.5.0.202011040924/tools/bin/../lib/gcc/arm-none-eabi/9.3.1/../../../../arm-none-eabi/lib/thumb/v7e-m+fp/hard/crt0.o
 .data          0x0000000000000000        0x0 c:/st/stm32cubeide_1.6.0/stm32cubeide/plugins/com.st.stm32cube.ide.mcu.externaltools.gnu-tools-for-stm32.9-2020-q2-update.win32_1.5.0.202011040924/tools/bin/../lib/gcc/arm-none-eabi/9.3.1/../../../../arm-none-eabi/lib/thumb/v7e-m+fp/hard/crt0.o
 .bss           0x0000000000000000        0x0 c:/st/stm32cubeide_1.6.0/stm32cubeide/plugins/com.st.stm32cube.ide.mcu.externaltools.gnu-tools-for-stm32.9-2020-q2-update.win32_1.5.0.202011040924/tools/bin/../lib/gcc/arm-none-eabi/9.3.1/../../../../arm-none-eabi/lib/thumb/v7e-m+fp/hard/crt0.o
[...]
Memory Configuration

Name             Origin             Length             Attributes
FLASH            0x0000000008000000 0x0000000000080000 xr
RAM1             0x0000000020000004 0x000000000002fffc xrw
RAM_SHARED       0x0000000020030000 0x0000000000002800 xrw
*default*        0x0000000000000000 0xffffffffffffffff

Linker script and memory map

LOAD c:/st/stm32cubeide_1.6.0/stm32cubeide/plugins/com.st.stm32cube.ide.mcu.externaltools.gnu-tools-for-stm32.9-2020-q2-update.win32_1.5.0.202011040924/tools/bin/../lib/gcc/arm-none-eabi/9.3.1/thumb/v7e-m+fp/hard/crti.o
LOAD c:/st/stm32cubeide_1.6.0/stm32cubeide/plugins/com.st.stm32cube.ide.mcu.externaltools.gnu-tools-for-stm32.9-2020-q2-update.win32_1.5.0.202011040924/tools/bin/../lib/gcc/arm-none-eabi/9.3.1/thumb/v7e-m+fp/hard/crtbegin.o
LOAD c:/st/stm32cubeide_1.6.0/stm32cubeide/plugins/com.st.stm32cube.ide.mcu.externaltools.gnu-tools-for-stm32.9-2020-q2-update.win32_1.5.0.202011040924/tools/bin/../lib/gcc/arm-none-eabi/9.3.1/../../../../arm-none-eabi/lib/thumb/v7e-m+fp/hard/crt0.o
LOAD Core/Src/main.o
LOAD Core/Src/stm32wbxx_hal_msp.o
LOAD Core/Src/stm32wbxx_it.o
LOAD Core/Src/syscalls.o
LOAD Core/Src/sysmem.o
LOAD Core/Src/system_stm32wbxx.o
LOAD Core/Startup/startup_stm32wb55rgvx.o
LOAD Drivers/STM32WBxx_HAL_Driver/Src/stm32wbxx_hal.o
LOAD Drivers/STM32WBxx_HAL_Driver/Src/stm32wbxx_hal_cortex.o
LOAD Drivers/STM32WBxx_HAL_Driver/Src/stm32wbxx_hal_dma.o
LOAD Drivers/STM32WBxx_HAL_Driver/Src/stm32wbxx_hal_dma_ex.o
LOAD Drivers/STM32WBxx_HAL_Driver/Src/stm32wbxx_hal_exti.o
LOAD Drivers/STM32WBxx_HAL_Driver/Src/stm32wbxx_hal_flash.o
LOAD Drivers/STM32WBxx_HAL_Driver/Src/stm32wbxx_hal_flash_ex.o
LOAD Drivers/STM32WBxx_HAL_Driver/Src/stm32wbxx_hal_gpio.o
LOAD Drivers/STM32WBxx_HAL_Driver/Src/stm32wbxx_hal_hsem.o
LOAD Drivers/STM32WBxx_HAL_Driver/Src/stm32wbxx_hal_pwr.o
LOAD Drivers/STM32WBxx_HAL_Driver/Src/stm32wbxx_hal_pwr_ex.o
LOAD Drivers/STM32WBxx_HAL_Driver/Src/stm32wbxx_hal_rcc.o
LOAD Drivers/STM32WBxx_HAL_Driver/Src/stm32wbxx_hal_rcc_ex.o
LOAD Drivers/STM32WBxx_HAL_Driver/Src/stm32wbxx_hal_tim.o
LOAD Drivers/STM32WBxx_HAL_Driver/Src/stm32wbxx_hal_tim_ex.o
START GROUP
LOAD c:/st/stm32cubeide_1.6.0/stm32cubeide/plugins/com.st.stm32cube.ide.mcu.externaltools.gnu-tools-for-stm32.9-2020-q2-update.win32_1.5.0.202011040924/tools/bin/../lib/gcc/arm-none-eabi/9.3.1/../../../../arm-none-eabi/lib/thumb/v7e-m+fp/hard\libc_nano.a
LOAD c:/st/stm32cubeide_1.6.0/stm32cubeide/plugins/com.st.stm32cube.ide.mcu.externaltools.gnu-tools-for-stm32.9-2020-q2-update.win32_1.5.0.202011040924/tools/bin/../lib/gcc/arm-none-eabi/9.3.1/../../../../arm-none-eabi/lib/thumb/v7e-m+fp/hard\libm.a
END GROUP
START GROUP
LOAD c:/st/stm32cubeide_1.6.0/stm32cubeide/plugins/com.st.stm32cube.ide.mcu.externaltools.gnu-tools-for-stm32.9-2020-q2-update.win32_1.5.0.202011040924/tools/bin/../lib/gcc/arm-none-eabi/9.3.1/thumb/v7e-m+fp/hard\libgcc.a
LOAD c:/st/stm32cubeide_1.6.0/stm32cubeide/plugins/com.st.stm32cube.ide.mcu.externaltools.gnu-tools-for-stm32.9-2020-q2-update.win32_1.5.0.202011040924/tools/bin/../lib/gcc/arm-none-eabi/9.3.1/../../../../arm-none-eabi/lib/thumb/v7e-m+fp/hard\libc_nano.a
END GROUP
START GROUP
LOAD c:/st/stm32cubeide_1.6.0/stm32cubeide/plugins/com.st.stm32cube.ide.mcu.externaltools.gnu-tools-for-stm32.9-2020-q2-update.win32_1.5.0.202011040924/tools/bin/../lib/gcc/arm-none-eabi/9.3.1/thumb/v7e-m+fp/hard\libgcc.a
LOAD c:/st/stm32cubeide_1.6.0/stm32cubeide/plugins/com.st.stm32cube.ide.mcu.externaltools.gnu-tools-for-stm32.9-2020-q2-update.win32_1.5.0.202011040924/tools/bin/../lib/gcc/arm-none-eabi/9.3.1/../../../../arm-none-eabi/lib/thumb/v7e-m+fp/hard\libc_nano.a
LOAD c:/st/stm32cubeide_1.6.0/stm32cubeide/plugins/com.st.stm32cube.ide.mcu.externaltools.gnu-tools-for-stm32.9-2020-q2-update.win32_1.5.0.202011040924/tools/bin/../lib/gcc/arm-none-eabi/9.3.1/../../../../arm-none-eabi/lib/thumb/v7e-m+fp/hard\libnosys.a
END GROUP
START GROUP
LOAD c:/st/stm32cubeide_1.6.0/stm32cubeide/plugins/com.st.stm32cube.ide.mcu.externaltools.gnu-tools-for-stm32.9-2020-q2-update.win32_1.5.0.202011040924/tools/bin/../lib/gcc/arm-none-eabi/9.3.1/thumb/v7e-m+fp/hard\libgcc.a
LOAD c:/st/stm32cubeide_1.6.0/stm32cubeide/plugins/com.st.stm32cube.ide.mcu.externaltools.gnu-tools-for-stm32.9-2020-q2-update.win32_1.5.0.202011040924/tools/bin/../lib/gcc/arm-none-eabi/9.3.1/../../../../arm-none-eabi/lib/thumb/v7e-m+fp/hard\libc_nano.a
LOAD c:/st/stm32cubeide_1.6.0/stm32cubeide/plugins/com.st.stm32cube.ide.mcu.externaltools.gnu-tools-for-stm32.9-2020-q2-update.win32_1.5.0.202011040924/tools/bin/../lib/gcc/arm-none-eabi/9.3.1/../../../../arm-none-eabi/lib/thumb/v7e-m+fp/hard\libnosys.a
END GROUP
LOAD c:/st/stm32cubeide_1.6.0/stm32cubeide/plugins/com.st.stm32cube.ide.mcu.externaltools.gnu-tools-for-stm32.9-2020-q2-update.win32_1.5.0.202011040924/tools/bin/../lib/gcc/arm-none-eabi/9.3.1/thumb/v7e-m+fp/hard/crtend.o
LOAD c:/st/stm32cubeide_1.6.0/stm32cubeide/plugins/com.st.stm32cube.ide.mcu.externaltools.gnu-tools-for-stm32.9-2020-q2-update.win32_1.5.0.202011040924/tools/bin/../lib/gcc/arm-none-eabi/9.3.1/thumb/v7e-m+fp/hard/crtn.o
                0x0000000020030000                _estack = 0x20030000
                0x0000000000000200                _Min_Heap_Size = 0x200
                0x0000000000000400                _Min_Stack_Size = 0x400

.isr_vector     0x0000000008000000      0x13c
                0x0000000008000000                . = ALIGN (0x4)
 *(.isr_vector)
 .isr_vector    0x0000000008000000      0x13c Core/Startup/startup_stm32wb55rgvx.o
                0x0000000008000000                g_pfnVectors
                0x000000000800013c                . = ALIGN (0x4)

.text           0x000000000800013c      0x324
                0x000000000800013c                . = ALIGN (0x4)
 *(.text)
 .text          0x000000000800013c       0x40 c:/st/stm32cubeide_1.6.0/stm32cubeide/plugins/com.st.stm32cube.ide.mcu.externaltools.gnu-tools-for-stm32.9-2020-q2-update.win32_1.5.0.202011040924/tools/bin/../lib/gcc/arm-none-eabi/9.3.1/thumb/v7e-m+fp/hard/crtbegin.o
 *(.text*)
 .text.main     0x000000000800017c       0xf4 Core/Src/main.o
                0x000000000800017c                main
 .text.NMI_Handler
                0x0000000008000270        0x6 Core/Src/stm32wbxx_it.o
                0x0000000008000270                NMI_Handler
 .text.HardFault_Handler
                0x0000000008000276        0x6 Core/Src/stm32wbxx_it.o
                0x0000000008000276                HardFault_Handler
 .text.MemManage_Handler
                0x000000000800027c        0x6 Core/Src/stm32wbxx_it.o
                0x000000000800027c                MemManage_Handler
 .text.BusFault_Handler
                0x0000000008000282        0x6 Core/Src/stm32wbxx_it.o
                0x0000000008000282                BusFault_Handler
 .text.UsageFault_Handler
                0x0000000008000288        0x6 Core/Src/stm32wbxx_it.o
                0x0000000008000288                UsageFault_Handler
 .text.SVC_Handler
                0x000000000800028e        0xe Core/Src/stm32wbxx_it.o
                0x000000000800028e                SVC_Handler
 .text.DebugMon_Handler
                0x000000000800029c        0xe Core/Src/stm32wbxx_it.o
                0x000000000800029c                DebugMon_Handler
 .text.PendSV_Handler
                0x00000000080002aa        0xe Core/Src/stm32wbxx_it.o
                0x00000000080002aa                PendSV_Handler
 .text.SysTick_Handler
                0x00000000080002b8        0xc Core/Src/stm32wbxx_it.o
                0x00000000080002b8                SysTick_Handler
 .text.SystemInit
                0x00000000080002c4       0xa4 Core/Src/system_stm32wbxx.o
                0x00000000080002c4                SystemInit
 .text.data_initializers
                0x0000000008000368       0x18 Core/Startup/startup_stm32wb55rgvx.o
 .text.Reset_Handler
                0x0000000008000380       0x54 Core/Startup/startup_stm32wb55rgvx.o
                0x0000000008000380                Reset_Handler
 .text.Default_Handler
                0x00000000080003d4        0x2 Core/Startup/startup_stm32wb55rgvx.o
                0x00000000080003d4                RTC_Alarm_IRQHandler
                0x00000000080003d4                EXTI2_IRQHandler
                0x00000000080003d4                TIM1_CC_IRQHandler
                0x00000000080003d4                TSC_IRQHandler
                0x00000000080003d4                USB_HP_IRQHandler
                0x00000000080003d4                EXTI3_IRQHandler
                0x00000000080003d4                LPTIM2_IRQHandler
                0x00000000080003d4                I2C3_ER_IRQHandler
                0x00000000080003d4                EXTI0_IRQHandler
                0x00000000080003d4                FPU_IRQHandler
                0x00000000080003d4                TIM1_UP_TIM16_IRQHandler
                0x00000000080003d4                AES1_IRQHandler
                0x00000000080003d4                SPI1_IRQHandler
                0x00000000080003d4                PWR_SOTF_BLEACT_802ACT_RFPHASE_IRQHandler
                0x00000000080003d4                DMA2_Channel2_IRQHandler
                0x00000000080003d4                DMA1_Channel4_IRQHandler
                0x00000000080003d4                ADC1_IRQHandler
                0x00000000080003d4                PKA_IRQHandler
                0x00000000080003d4                DMA1_Channel7_IRQHandler
                0x00000000080003d4                LCD_IRQHandler
                0x00000000080003d4                IPCC_C1_TX_IRQHandler
                0x00000000080003d4                DMA2_Channel1_IRQHandler
                0x00000000080003d4                QUADSPI_IRQHandler
                0x00000000080003d4                I2C1_EV_IRQHandler
                0x00000000080003d4                DMAMUX1_OVR_IRQHandler
                0x00000000080003d4                DMA1_Channel6_IRQHandler
                0x00000000080003d4                DMA2_Channel4_IRQHandler
                0x00000000080003d4                RCC_IRQHandler
                0x00000000080003d4                DMA1_Channel1_IRQHandler
                0x00000000080003d4                Default_Handler
                0x00000000080003d4                DMA2_Channel7_IRQHandler
                0x00000000080003d4                EXTI15_10_IRQHandler
                0x00000000080003d4                IPCC_C1_RX_IRQHandler
                0x00000000080003d4                C2SEV_PWR_C2H_IRQHandler
                0x00000000080003d4                AES2_IRQHandler
                0x00000000080003d4                I2C3_EV_IRQHandler
                0x00000000080003d4                EXTI9_5_IRQHandler
                0x00000000080003d4                RTC_WKUP_IRQHandler
                0x00000000080003d4                PVD_PVM_IRQHandler
                0x00000000080003d4                SPI2_IRQHandler
                0x00000000080003d4                DMA2_Channel5_IRQHandler
                0x00000000080003d4                CRS_IRQHandler
                0x00000000080003d4                DMA1_Channel5_IRQHandler
                0x00000000080003d4                USB_LP_IRQHandler
                0x00000000080003d4                EXTI4_IRQHandler
                0x00000000080003d4                RNG_IRQHandler
                0x00000000080003d4                TIM1_TRG_COM_TIM17_IRQHandler
                0x00000000080003d4                TAMP_STAMP_LSECSS_IRQHandler
                0x00000000080003d4                DMA1_Channel3_IRQHandler
                0x00000000080003d4                COMP_IRQHandler
                0x00000000080003d4                HSEM_IRQHandler
                0x00000000080003d4                WWDG_IRQHandler
                0x00000000080003d4                LPUART1_IRQHandler
                0x00000000080003d4                DMA2_Channel6_IRQHandler
                0x00000000080003d4                TIM2_IRQHandler
                0x00000000080003d4                TIM1_BRK_IRQHandler
                0x00000000080003d4                EXTI1_IRQHandler
                0x00000000080003d4                DMA1_Channel2_IRQHandler
                0x00000000080003d4                FLASH_IRQHandler
                0x00000000080003d4                USART1_IRQHandler
                0x00000000080003d4                I2C1_ER_IRQHandler
                0x00000000080003d4                LPTIM1_IRQHandler
                0x00000000080003d4                SAI1_IRQHandler
                0x00000000080003d4                DMA2_Channel3_IRQHandler
 *fill*         0x00000000080003d6        0x2 
 .text.HAL_IncTick
                0x00000000080003d8       0x28 Drivers/STM32WBxx_HAL_Driver/Src/stm32wbxx_hal.o
                0x00000000080003d8                HAL_IncTick
 .text.__libc_init_array
                0x0000000008000400       0x48 c:/st/stm32cubeide_1.6.0/stm32cubeide/plugins/com.st.stm32cube.ide.mcu.externaltools.gnu-tools-for-stm32.9-2020-q2-update.win32_1.5.0.202011040924/tools/bin/../lib/gcc/arm-none-eabi/9.3.1/../../../../arm-none-eabi/lib/thumb/v7e-m+fp/hard\libc_nano.a(lib_a-init.o)
                0x0000000008000400                __libc_init_array
 *(.glue_7)
 .glue_7        0x0000000008000448        0x0 linker stubs
 *(.glue_7t)
 .glue_7t       0x0000000008000448        0x0 linker stubs
 *(.eh_frame)
 .eh_frame      0x0000000008000448        0x0 c:/st/stm32cubeide_1.6.0/stm32cubeide/plugins/com.st.stm32cube.ide.mcu.externaltools.gnu-tools-for-stm32.9-2020-q2-update.win32_1.5.0.202011040924/tools/bin/../lib/gcc/arm-none-eabi/9.3.1/thumb/v7e-m+fp/hard/crtbegin.o
 *(.init)
 .init          0x0000000008000448        0x4 c:/st/stm32cubeide_1.6.0/stm32cubeide/plugins/com.st.stm32cube.ide.mcu.externaltools.gnu-tools-for-stm32.9-2020-q2-update.win32_1.5.0.202011040924/tools/bin/../lib/gcc/arm-none-eabi/9.3.1/thumb/v7e-m+fp/hard/crti.o
                0x0000000008000448                _init
 .init          0x000000000800044c        0x8 c:/st/stm32cubeide_1.6.0/stm32cubeide/plugins/com.st.stm32cube.ide.mcu.externaltools.gnu-tools-for-stm32.9-2020-q2-update.win32_1.5.0.202011040924/tools/bin/../lib/gcc/arm-none-eabi/9.3.1/thumb/v7e-m+fp/hard/crtn.o
 *(.fini)
 .fini          0x0000000008000454        0x4 c:/st/stm32cubeide_1.6.0/stm32cubeide/plugins/com.st.stm32cube.ide.mcu.externaltools.gnu-tools-for-stm32.9-2020-q2-update.win32_1.5.0.202011040924/tools/bin/../lib/gcc/arm-none-eabi/9.3.1/thumb/v7e-m+fp/hard/crti.o
                0x0000000008000454                _fini
 .fini          0x0000000008000458        0x8 c:/st/stm32cubeide_1.6.0/stm32cubeide/plugins/com.st.stm32cube.ide.mcu.externaltools.gnu-tools-for-stm32.9-2020-q2-update.win32_1.5.0.202011040924/tools/bin/../lib/gcc/arm-none-eabi/9.3.1/thumb/v7e-m+fp/hard/crtn.o
                0x0000000008000460                . = ALIGN (0x4)
                0x0000000008000460                _etext = .

.vfp11_veneer   0x0000000008000460        0x0
 .vfp11_veneer  0x0000000008000460        0x0 linker stubs

.v4_bx          0x0000000008000460        0x0
 .v4_bx         0x0000000008000460        0x0 linker stubs

.iplt           0x0000000008000460        0x0
 .iplt          0x0000000008000460        0x0 c:/st/stm32cubeide_1.6.0/stm32cubeide/plugins/com.st.stm32cube.ide.mcu.externaltools.gnu-tools-for-stm32.9-2020-q2-update.win32_1.5.0.202011040924/tools/bin/../lib/gcc/arm-none-eabi/9.3.1/thumb/v7e-m+fp/hard/crtbegin.o

.rel.dyn        0x0000000008000460        0x0
 .rel.iplt      0x0000000008000460        0x0 c:/st/stm32cubeide_1.6.0/stm32cubeide/plugins/com.st.stm32cube.ide.mcu.externaltools.gnu-tools-for-stm32.9-2020-q2-update.win32_1.5.0.202011040924/tools/bin/../lib/gcc/arm-none-eabi/9.3.1/thumb/v7e-m+fp/hard/crtbegin.o

.rodata         0x0000000008000460        0x0
                0x0000000008000460                . = ALIGN (0x4)
 *(.rodata)
 *(.rodata*)
                0x0000000008000460                . = ALIGN (0x4)

.ARM.extab
 *(.ARM.extab* .gnu.linkonce.armextab.*)

.ARM            0x0000000008000460        0x0
                0x0000000008000460                __exidx_start = .
 *(.ARM.exidx*)
                0x0000000008000460                __exidx_end = .

.preinit_array  0x0000000008000460        0x0
                0x0000000008000460                PROVIDE (__preinit_array_start = .)
 *(.preinit_array*)
                0x0000000008000460                PROVIDE (__preinit_array_end = .)

.init_array     0x0000000008000460        0x4
                0x0000000008000460                PROVIDE (__init_array_start = .)
 *(SORT_BY_NAME(.init_array.*))
 *(.init_array*)
 .init_array    0x0000000008000460        0x4 c:/st/stm32cubeide_1.6.0/stm32cubeide/plugins/com.st.stm32cube.ide.mcu.externaltools.gnu-tools-for-stm32.9-2020-q2-update.win32_1.5.0.202011040924/tools/bin/../lib/gcc/arm-none-eabi/9.3.1/thumb/v7e-m+fp/hard/crtbegin.o
                0x0000000008000464                PROVIDE (__init_array_end = .)

.fini_array     0x0000000008000464        0x4
                [!provide]                        PROVIDE (__fini_array_start = .)
 *(SORT_BY_NAME(.fini_array.*))
 *(.fini_array*)
 .fini_array    0x0000000008000464        0x4 c:/st/stm32cubeide_1.6.0/stm32cubeide/plugins/com.st.stm32cube.ide.mcu.externaltools.gnu-tools-for-stm32.9-2020-q2-update.win32_1.5.0.202011040924/tools/bin/../lib/gcc/arm-none-eabi/9.3.1/thumb/v7e-m+fp/hard/crtbegin.o
                [!provide]                        PROVIDE (__fini_array_end = .)
                0x0000000008000468                _sidata = LOADADDR (.data)

.data           0x0000000020000004        0x4 load address 0x0000000008000468
                0x0000000020000004                . = ALIGN (0x4)
                0x0000000020000004                _sdata = .
 *(.data)
 *(.data*)
 .data.uwTickFreq
                0x0000000020000004        0x1 Drivers/STM32WBxx_HAL_Driver/Src/stm32wbxx_hal.o
                0x0000000020000004                uwTickFreq
 *(.RamFunc)
 *(.RamFunc*)
                0x0000000020000008                . = ALIGN (0x4)
 *fill*         0x0000000020000005        0x3 
                0x0000000020000008                _edata = .

.igot.plt       0x0000000020000008        0x0 load address 0x000000000800046c
 .igot.plt      0x0000000020000008        0x0 c:/st/stm32cubeide_1.6.0/stm32cubeide/plugins/com.st.stm32cube.ide.mcu.externaltools.gnu-tools-for-stm32.9-2020-q2-update.win32_1.5.0.202011040924/tools/bin/../lib/gcc/arm-none-eabi/9.3.1/thumb/v7e-m+fp/hard/crtbegin.o
                0x0000000020000008                . = ALIGN (0x4)

.bss            0x0000000020000008       0x20 load address 0x000000000800046c
                0x0000000020000008                _sbss = .
                0x0000000020000008                __bss_start__ = _sbss
 *(.bss)
 .bss           0x0000000020000008       0x1c c:/st/stm32cubeide_1.6.0/stm32cubeide/plugins/com.st.stm32cube.ide.mcu.externaltools.gnu-tools-for-stm32.9-2020-q2-update.win32_1.5.0.202011040924/tools/bin/../lib/gcc/arm-none-eabi/9.3.1/thumb/v7e-m+fp/hard/crtbegin.o
 *(.bss*)
 *(COMMON)
 COMMON         0x0000000020000024        0x4 Drivers/STM32WBxx_HAL_Driver/Src/stm32wbxx_hal.o
                0x0000000020000024                uwTick
                0x0000000020000028                . = ALIGN (0x4)
                0x0000000020000028                _ebss = .
                0x0000000020000028                __bss_end__ = _ebss

._user_heap_stack
                0x0000000020000028      0x600 load address 0x000000000800046c
                0x0000000020000028                . = ALIGN (0x8)
                [!provide]                        PROVIDE (end = .)
                0x0000000020000028                PROVIDE (_end = .)
                0x0000000020000228                . = (. + _Min_Heap_Size)
 *fill*         0x0000000020000028      0x200 
                0x0000000020000628                . = (. + _Min_Stack_Size)
 *fill*         0x0000000020000228      0x400 
                0x0000000020000628                . = ALIGN (0x8)

/DISCARD/
 libc.a(*)
 libm.a(*)
 libgcc.a(*)

.ARM.attributes
                0x0000000000000000       0x30
 *(.ARM.attributes)
 .ARM.attributes
                0x0000000000000000       0x1e c:/st/stm32cubeide_1.6.0/stm32cubeide/plugins/com.st.stm32cube.ide.mcu.externaltools.gnu-tools-for-stm32.9-2020-q2-update.win32_1.5.0.202011040924/tools/bin/../lib/gcc/arm-none-eabi/9.3.1/thumb/v7e-m+fp/hard/crti.o
 .ARM.attributes
                0x000000000000001e       0x34 c:/st/stm32cubeide_1.6.0/stm32cubeide/plugins/com.st.stm32cube.ide.mcu.externaltools.gnu-tools-for-stm32.9-2020-q2-update.win32_1.5.0.202011040924/tools/bin/../lib/gcc/arm-none-eabi/9.3.1/thumb/v7e-m+fp/hard/crtbegin.o
 .ARM.attributes
                0x0000000000000052       0x34 Core/Src/main.o
 .ARM.attributes
                0x0000000000000086       0x34 Core/Src/stm32wbxx_it.o
 .ARM.attributes
                0x00000000000000ba       0x34 Core/Src/system_stm32wbxx.o
 .ARM.attributes
                0x00000000000000ee       0x21 Core/Startup/startup_stm32wb55rgvx.o
 .ARM.attributes
                0x000000000000010f       0x34 Drivers/STM32WBxx_HAL_Driver/Src/stm32wbxx_hal.o
 .ARM.attributes
                0x0000000000000143       0x34 c:/st/stm32cubeide_1.6.0/stm32cubeide/plugins/com.st.stm32cube.ide.mcu.externaltools.gnu-tools-for-stm32.9-2020-q2-update.win32_1.5.0.202011040924/tools/bin/../lib/gcc/arm-none-eabi/9.3.1/../../../../arm-none-eabi/lib/thumb/v7e-m+fp/hard\libc_nano.a(lib_a-init.o)
 .ARM.attributes
                0x0000000000000177       0x1e c:/st/stm32cubeide_1.6.0/stm32cubeide/plugins/com.st.stm32cube.ide.mcu.externaltools.gnu-tools-for-stm32.9-2020-q2-update.win32_1.5.0.202011040924/tools/bin/../lib/gcc/arm-none-eabi/9.3.1/thumb/v7e-m+fp/hard/crtn.o

MAPPING_TABLE
 *(MAPPING_TABLE)

MB_MEM1
 *(MB_MEM1)

MB_MEM2         0x0000000020030000        0x0
                0x0000000020030000                _sMB_MEM2 = .
 *(MB_MEM2)
                0x0000000020030000                _eMB_MEM2 = .
OUTPUT(labb 0.elf elf32-littlearm)
LOAD linker stubs
LOAD c:/st/stm32cubeide_1.6.0/stm32cubeide/plugins/com.st.stm32cube.ide.mcu.externaltools.gnu-tools-for-stm32.9-2020-q2-update.win32_1.5.0.202011040924/tools/bin/../lib/gcc/arm-none-eabi/9.3.1/../../../../arm-none-eabi/lib/thumb/v7e-m+fp/hard\libc.a
LOAD c:/st/stm32cubeide_1.6.0/stm32cubeide/plugins/com.st.stm32cube.ide.mcu.externaltools.gnu-tools-for-stm32.9-2020-q2-update.win32_1.5.0.202011040924/tools/bin/../lib/gcc/arm-none-eabi/9.3.1/../../../../arm-none-eabi/lib/thumb/v7e-m+fp/hard\libm.a
LOAD c:/st/stm32cubeide_1.6.0/stm32cubeide/plugins/com.st.stm32cube.ide.mcu.externaltools.gnu-tools-for-stm32.9-2020-q2-update.win32_1.5.0.202011040924/tools/bin/../lib/gcc/arm-none-eabi/9.3.1/thumb/v7e-m+fp/hard\libgcc.a

.debug_info     0x0000000000000000     0x2baf
 .debug_info    0x0000000000000000      0xbf7 Core/Src/main.o
 .debug_info    0x0000000000000bf7      0x2d8 Core/Src/stm32wbxx_it.o
 .debug_info    0x0000000000000ecf      0x85d Core/Src/system_stm32wbxx.o
 .debug_info    0x000000000000172c       0x22 Core/Startup/startup_stm32wb55rgvx.o
 .debug_info    0x000000000000174e     0x1461 Drivers/STM32WBxx_HAL_Driver/Src/stm32wbxx_hal.o

.debug_abbrev   0x0000000000000000      0x76b
 .debug_abbrev  0x0000000000000000      0x1c1 Core/Src/main.o
 .debug_abbrev  0x00000000000001c1       0xf2 Core/Src/stm32wbxx_it.o
 .debug_abbrev  0x00000000000002b3      0x185 Core/Src/system_stm32wbxx.o
 .debug_abbrev  0x0000000000000438       0x12 Core/Startup/startup_stm32wb55rgvx.o
 .debug_abbrev  0x000000000000044a      0x321 Drivers/STM32WBxx_HAL_Driver/Src/stm32wbxx_hal.o

.debug_aranges  0x0000000000000000      0x368
 .debug_aranges
                0x0000000000000000       0x30 Core/Src/main.o
 .debug_aranges
                0x0000000000000030       0x60 Core/Src/stm32wbxx_it.o
 .debug_aranges
                0x0000000000000090       0x28 Core/Src/system_stm32wbxx.o
 .debug_aranges
                0x00000000000000b8       0x30 Core/Startup/startup_stm32wb55rgvx.o
 .debug_aranges
                0x00000000000000e8      0x280 Drivers/STM32WBxx_HAL_Driver/Src/stm32wbxx_hal.o

.debug_ranges   0x0000000000000000      0x320
 .debug_ranges  0x0000000000000000       0x20 Core/Src/main.o
 .debug_ranges  0x0000000000000020       0x50 Core/Src/stm32wbxx_it.o
 .debug_ranges  0x0000000000000070       0x18 Core/Src/system_stm32wbxx.o
 .debug_ranges  0x0000000000000088       0x28 Core/Startup/startup_stm32wb55rgvx.o
 .debug_ranges  0x00000000000000b0      0x270 Drivers/STM32WBxx_HAL_Driver/Src/stm32wbxx_hal.o

.debug_macro    0x0000000000000000    0x1e70a
 .debug_macro   0x0000000000000000      0x204 Core/Src/main.o
 .debug_macro   0x0000000000000204      0xaa8 Core/Src/main.o
 .debug_macro   0x0000000000000cac      0x124 Core/Src/main.o
 .debug_macro   0x0000000000000dd0       0x2e Core/Src/main.o
 .debug_macro   0x0000000000000dfe       0x2e Core/Src/main.o
 .debug_macro   0x0000000000000e2c       0x22 Core/Src/main.o
 .debug_macro   0x0000000000000e4e       0x8e Core/Src/main.o
 .debug_macro   0x0000000000000edc       0x51 Core/Src/main.o
 .debug_macro   0x0000000000000f2d      0x103 Core/Src/main.o
 .debug_macro   0x0000000000001030       0x6a Core/Src/main.o
 .debug_macro   0x000000000000109a      0x1df Core/Src/main.o
 .debug_macro   0x0000000000001279       0x1c Core/Src/main.o
 .debug_macro   0x0000000000001295       0x22 Core/Src/main.o
 .debug_macro   0x00000000000012b7      0x101 Core/Src/main.o
 .debug_macro   0x00000000000013b8     0x1011 Core/Src/main.o
 .debug_macro   0x00000000000023c9      0x11f Core/Src/main.o
 .debug_macro   0x00000000000024e8    0x12acd Core/Src/main.o
 .debug_macro   0x0000000000014fb5       0x42 Core/Src/main.o
 .debug_macro   0x0000000000014ff7     0x347d Core/Src/main.o
 .debug_macro   0x0000000000018474      0x174 Core/Src/main.o
 .debug_macro   0x00000000000185e8       0x5c Core/Src/main.o
 .debug_macro   0x0000000000018644      0x3f5 Core/Src/main.o
 .debug_macro   0x0000000000018a39      0x286 Core/Src/main.o
 .debug_macro   0x0000000000018cbf      0x30d Core/Src/main.o
 .debug_macro   0x0000000000018fcc      0x17e Core/Src/main.o
 .debug_macro   0x000000000001914a       0x43 Core/Src/main.o
 .debug_macro   0x000000000001918d      0x236 Core/Src/main.o
 .debug_macro   0x00000000000193c3      0x24a Core/Src/main.o
 .debug_macro   0x000000000001960d      0x57b Core/Src/main.o
 .debug_macro   0x0000000000019b88       0x1c Core/Src/main.o
 .debug_macro   0x0000000000019ba4      0x100 Core/Src/main.o
 .debug_macro   0x0000000000019ca4      0x137 Core/Src/main.o
 .debug_macro   0x0000000000019ddb      0x1ce Core/Src/main.o
 .debug_macro   0x0000000000019fa9      0x381 Core/Src/main.o
 .debug_macro   0x000000000001a32a      0x13e Core/Src/main.o
 .debug_macro   0x000000000001a468      0x141 Core/Src/main.o
 .debug_macro   0x000000000001a5a9      0x500 Core/Src/main.o
 .debug_macro   0x000000000001aaa9      0x874 Core/Src/main.o
 .debug_macro   0x000000000001b31d      0x259 Core/Src/main.o
 .debug_macro   0x000000000001b576     0x1b24 Core/Src/main.o
 .debug_macro   0x000000000001d09a       0xe4 Core/Src/main.o
 .debug_macro   0x000000000001d17e      0x5dc Core/Src/main.o
 .debug_macro   0x000000000001d75a      0x557 Core/Src/main.o
 .debug_macro   0x000000000001dcb1      0x433 Core/Src/main.o
 .debug_macro   0x000000000001e0e4      0x20e Core/Src/stm32wbxx_it.o
 .debug_macro   0x000000000001e2f2      0x1fa Core/Src/system_stm32wbxx.o
 .debug_macro   0x000000000001e4ec      0x21e Drivers/STM32WBxx_HAL_Driver/Src/stm32wbxx_hal.o

.debug_line     0x0000000000000000     0x2774
 .debug_line    0x0000000000000000      0x7c2 Core/Src/main.o
 .debug_line    0x00000000000007c2      0x7d6 Core/Src/stm32wbxx_it.o
 .debug_line    0x0000000000000f98      0x7b2 Core/Src/system_stm32wbxx.o
 .debug_line    0x000000000000174a       0x91 Core/Startup/startup_stm32wb55rgvx.o
 .debug_line    0x00000000000017db      0xf99 Drivers/STM32WBxx_HAL_Driver/Src/stm32wbxx_hal.o

.debug_str      0x0000000000000000    0xc8109
 .debug_str     0x0000000000000000    0xc71a1 Core/Src/main.o
                                      0xc7c0f (size before relaxing)
 .debug_str     0x00000000000c71a1       0xbd Core/Src/stm32wbxx_it.o
                                      0xc76a3 (size before relaxing)
 .debug_str     0x00000000000c725e       0xc2 Core/Src/system_stm32wbxx.o
                                      0xc78c4 (size before relaxing)
 .debug_str     0x00000000000c7320       0x36 Core/Startup/startup_stm32wb55rgvx.o
                                         0x7f (size before relaxing)
 .debug_str     0x00000000000c7356      0xdb3 Drivers/STM32WBxx_HAL_Driver/Src/stm32wbxx_hal.o
                                      0xc8713 (size before relaxing)

.comment        0x0000000000000000       0x53
 .comment       0x0000000000000000       0x53 Core/Src/main.o
                                         0x54 (size before relaxing)
 .comment       0x0000000000000053       0x54 Core/Src/stm32wbxx_it.o
 .comment       0x0000000000000053       0x54 Core/Src/system_stm32wbxx.o
 .comment       0x0000000000000053       0x54 Drivers/STM32WBxx_HAL_Driver/Src/stm32wbxx_hal.o

.debug_frame    0x0000000000000000      0xc28
 .debug_frame   0x0000000000000000       0x6c Core/Src/main.o
 .debug_frame   0x000000000000006c      0x104 Core/Src/stm32wbxx_it.o
 .debug_frame   0x0000000000000170       0x58 Core/Src/system_stm32wbxx.o
 .debug_frame   0x00000000000001c8      0xa34 Drivers/STM32WBxx_HAL_Driver/Src/stm32wbxx_hal.o
 .debug_frame   0x0000000000000bfc       0x2c c:/st/stm32cubeide_1.6.0/stm32cubeide/plugins/com.st.stm32cube.ide.mcu.externaltools.gnu-tools-for-stm32.9-2020-q2-update.win32_1.5.0.202011040924/tools/bin/../lib/gcc/arm-none-eabi/9.3.1/../../../../arm-none-eabi/lib/thumb/v7e-m+fp/hard\libc_nano.a(lib_a-init.o)
